// Jest Snapshot v1, https://goo.gl/fbAQLP

exports[`<Phrase /> matches snapshot for default criteria 1`] = `<li />`;
